---------beginning vehicle class scan---------
VehicleName: Ishima Zed LM Edition
Class: class C
displ: 2037.872
HP: 220.225
mass: 1315.802
mass/HP: 5.974
real mass: 1603.734
real mass/HP: 7.282

VehicleName: Ishima Zed Road Car
Class: class undefined
displ: 2037.872
HP: 177.299
mass: 1540.801
mass/HP: 8.690
real mass: 1772.666
real mass/HP: 9.998

VehicleName: Baiern Yotta 3.6L TwinTurbo
Class: class undefined
displ: 2714.335
HP: 195.726
mass: 1555.641
mass/HP: 7.948
real mass: 1845.573
real mass/HP: 9.429

VehicleName: Baiern Yotta 2.5L Turbo
Class: class undefined
displ: 2714.335
HP: 195.726
mass: 1655.641
mass/HP: 8.458
real mass: 1936.997
real mass/HP: 9.896

VehicleName: PFAA Whisper Q1000XL
Class: class S
displ: 10035.096
HP: 1674.265
mass: 1830.192
mass/HP: 1.093
real mass: 2373.523
real mass/HP: 1.417

VehicleName: PFAA Whisper R1
Class: class A
displ: 3000.919
HP: 633.609
mass: 1825.791
mass/HP: 2.881
real mass: 2335.803
real mass/HP: 3.686

VehicleName: PFAA Whisper D8800
Class: class S
displ: 8392.926
HP: 1172.013
mass: 1783.881
mass/HP: 1.522
real mass: 2187.597
real mass/HP: 1.866

VehicleName: PFAA Whisper C555
Class: class B
displ: 3993.453
HP: 550.902
mass: 1769.671
mass/HP: 3.212
real mass: 2112.743
real mass/HP: 3.835

VehicleName: Einvagen Teg T267
Class: class C
displ: 2445.446
HP: 234.526
mass: 1394.001
mass/HP: 5.943
real mass: 1642.754
real mass/HP: 7.004

VehicleName: Einvagen Teg S199
Class: class E
displ: 1809.557
HP: 127.726
mass: 1391.602
mass/HP: 10.895
real mass: 1625.669
real mass/HP: 12.727

VehicleName: Hauler's SuperDuty Extra 750
Class: class undefined
displ: 6474.255
HP: 576.930
mass: 2407.221
mass/HP: 4.172
real mass: 2880.501
real mass/HP: 4.992

VehicleName: Hauler's SuperDuty 500
Class: class C
displ: 5394.742
HP: 419.978
mass: 2361.671
mass/HP: 5.623
real mass: 2792.351
real mass/HP: 6.648

VehicleName: Shimutshibu Sunset E001SL
Class: class C
displ: 1998.656
HP: 377.456
mass: 1699.921
mass/HP: 4.503
real mass: 1994.646
real mass/HP: 5.284

VehicleName: Shimutshibu Sunset E98T
Class: class undefined
displ: 1998.656
HP: 252.279
mass: 1699.921
mass/HP: 6.738
real mass: 1992.473
real mass/HP: 7.897

VehicleName: Shimutshibu Sunset E96S
Class: class undefined
displ: 1998.656
HP: 187.415
mass: 1689.921
mass/HP: 9.016
real mass: 1930.426
real mass/HP: 10.300

VehicleName: MCA Stallion 3.5L Turbo
Class: class undefined
displ: 3496.989
HP: 572.988
mass: 1436.970
mass/HP: 2.507
real mass: 1861.840
real mass/HP: 3.249

VehicleName: MCA Stallion 3.2L
Class: class C
displ: 3179.080
HP: 289.487
mass: 1423.470
mass/HP: 4.917
real mass: 1805.840
real mass/HP: 6.238

VehicleName: Shimutshibu ST9 Fusion
Class: class undefined
displ: 1998.656
HP: 252.279
mass: 1650.621
mass/HP: 6.542
real mass: 1961.326
real mass/HP: 7.774

VehicleName: Shimutshibu ST9 Challenge
Class: class undefined
displ: 1998.656
HP: 187.415
mass: 1638.121
mass/HP: 8.740
real mass: 1906.326
real mass/HP: 10.171

VehicleName: Einvagen Remo GTi
Class: class undefined
displ: 2445.446
HP: 234.526
mass: 1862.102
mass/HP: 7.939
real mass: 2091.070
real mass/HP: 8.916

VehicleName: Einvagen Remo 1.8L
Class: class E
displ: 1809.557
HP: 127.726
mass: 1859.702
mass/HP: 14.560
real mass: 2086.270
real mass/HP: 16.333

VehicleName: PFAA Prime DLH700
Class: class S
displ: 8392.926
HP: 1172.013
mass: 1734.881
mass/HP: 1.480
real mass: 2165.033
real mass/HP: 1.847

VehicleName: PFAA Prime DLH500
Class: class A
displ: 6999.769
HP: 700.493
mass: 1799.391
mass/HP: 2.568
real mass: 2177.723
real mass/HP: 3.108

VehicleName: Emer Nonus Street GT
Class: class undefined
displ: 2596.535
HP: 266.858
mass: 1627.141
mass/HP: 6.097
real mass: 1892.673
real mass/HP: 7.092

VehicleName: Emer MotorSport Nonus DTM
Class: class undefined
displ: 3981.528
HP: 570.707
mass: 1503.131
mass/HP: 2.633
real mass: 1855.663
real mass/HP: 3.251

VehicleName: Emer MotorSport Nonus GT2
Class: class A
displ: 3198.674
HP: 619.273
mass: 1413.842
mass/HP: 2.283
real mass: 1679.113
real mass/HP: 2.711

VehicleName: Duhen Ninja Tourer
Class: class C
displ: 1983.528
HP: 297.354
mass: 1421.001
mass/HP: 4.778
real mass: 1739.270
real mass/HP: 5.849

VehicleName: Duhen Ninja PowerLine XT
Class: class D
displ: 2173.730
HP: 205.046
mass: 1457.302
mass/HP: 7.107
real mass: 1708.597
real mass/HP: 8.332

VehicleName: Duhen Ninja PowerLine S
Class: class D
displ: 2173.730
HP: 210.423
mass: 1447.302
mass/HP: 6.878
real mass: 1698.597
real mass/HP: 8.072

VehicleName: Duhen Ninja TurboHatch
Class: class D
displ: 1796.218
HP: 169.841
mass: 1438.541
mass/HP: 8.469
real mass: 1680.158
real mass/HP: 9.892

VehicleName: PFAA Naxas Extreme Edition
Class: class B
displ: 9711.383
HP: 519.160
mass: 1585.170
mass/HP: 3.053
real mass: 1991.542
real mass/HP: 3.836

VehicleName: PFAA Naxas Lux4000
Class: class A
displ: 6999.769
HP: 700.493
mass: 4494.690
mass/HP: 6.416
real mass: 4877.751
real mass/HP: 6.963

VehicleName: PFAA Naxas Tornado
Class: class B
displ: 3993.453
HP: 550.902
mass: 1666.470
mass/HP: 3.024
real mass: 2051.942
real mass/HP: 3.724

VehicleName: MCA MC GT Limited Edition
Class: class A
displ: 8128.788
HP: 861.914
mass: 1889.221
mass/HP: 2.191
real mass: 2325.591
real mass/HP: 2.698

VehicleName: MCA MC GT B-series
Class: class undefined
displ: 6474.255
HP: 371.284
mass: 1869.171
mass/HP: 5.034
real mass: 2265.441
real mass/HP: 6.101

VehicleName: MCA MC GT
Class: class undefined
displ: 6474.255
HP: 360.991
mass: 1867.171
mass/HP: 5.172
real mass: 2258.441
real mass/HP: 6.256

VehicleName: MCA Kurumma Z35C
Class: class A
displ: 4295.257
HP: 630.016
mass: 1637.621
mass/HP: 2.599
real mass: 2093.673
real mass/HP: 3.323

VehicleName: MCA Kurumma Z3
Class: class C
displ: 3799.089
HP: 288.156
mass: 1538.072
mass/HP: 5.337
real mass: 1904.041
real mass/HP: 6.607

VehicleName: Hauler's Furrano GTS
Class: class B
displ: 3000.919
HP: 416.691
mass: 1438.191
mass/HP: 3.451
real mass: 1813.880
real mass/HP: 4.353

VehicleName: Hauler's Furrano GT54
Class: class B
displ: 4999.001
HP: 508.473
mass: 1485.971
mass/HP: 2.922
real mass: 1904.600
real mass/HP: 3.745

VehicleName: Shimutshibu Focer WRC
Class: class B
displ: 1998.656
HP: 377.456
mass: 1358.221
mass/HP: 3.598
real mass: 1651.745
real mass/HP: 4.375

VehicleName: Shimutshibu Focer RC 300
Class: class C
displ: 1998.656
HP: 252.279
mass: 1452.221
mass/HP: 5.756
real mass: 1743.573
real mass/HP: 6.911

VehicleName: Shimutshibu Focer RC 200
Class: class D
displ: 1998.656
HP: 187.415
mass: 1431.121
mass/HP: 7.636
real mass: 1669.325
real mass/HP: 8.907

VehicleName: Ishima Enula WRZ
Class: class undefined
displ: 2037.872
HP: 220.225
mass: 1526.901
mass/HP: 6.933
real mass: 1820.413
real mass/HP: 8.266

VehicleName: Ishima Enula WRY
Class: class undefined
displ: 2037.872
HP: 177.299
mass: 1509.802
mass/HP: 8.515
real mass: 1753.665
real mass/HP: 9.890

VehicleName: Ishima Enula WR SuperTurizmo
Class: class B
displ: 2445.446
HP: 365.878
mass: 1435.101
mass/HP: 3.922
real mass: 1732.985
real mass/HP: 4.736

VehicleName: Einvagen 140 DTM
Class: class B
displ: 3981.528
HP: 570.707
mass: 1661.131
mass/HP: 2.910
real mass: 2031.163
real mass/HP: 3.559

VehicleName: Einvagen 140 GTA
Class: class C
displ: 2445.446
HP: 234.526
mass: 1267.101
mass/HP: 5.402
real mass: 1545.754
real mass/HP: 6.590

VehicleName: Einvagen 110 GTK
Class: class D
displ: 1809.557
HP: 168.668
mass: 1340.601
mass/HP: 7.948
real mass: 1615.641
real mass/HP: 9.578

VehicleName: Einvagen 110 GT
Class: class E
displ: 1809.557
HP: 127.726
mass: 1296.101
mass/HP: 10.147
real mass: 1547.669
real mass/HP: 12.117

VehicleName: Duhen SunStrip 2.2 DVC
Class: class C
displ: 2173.730
HP: 205.046
mass: 1189.130
mass/HP: 5.799
real mass: 1423.083
real mass/HP: 6.940

VehicleName: Duhen SunStrip 1.8 DVC
Class: class D
displ: 1796.218
HP: 162.759
mass: 1206.260
mass/HP: 7.411
real mass: 1442.293
real mass/HP: 8.861

VehicleName: Duhen SunStrip 1.5 DVC
Class: class E
displ: 1497.253
HP: 142.419
mass: 1184.968
mass/HP: 8.320
real mass: 1413.839
real mass/HP: 9.927

VehicleName: Duhen Racing SunStrip 2.0 CDVC
Class: class B
displ: 1983.528
HP: 297.354
mass: 948.593
mass/HP: 3.190
real mass: 1244.116
real mass/HP: 4.183

VehicleName: Duhen Coyot TX2200GT
Class: class C
displ: 1983.528
HP: 297.354
mass: 1696.302
mass/HP: 5.704
real mass: 2009.069
real mass/HP: 6.756

VehicleName: Duhen Coyot T1800S
Class: class E
displ: 1796.218
HP: 158.559
mass: 1681.962
mass/HP: 10.607
real mass: 1932.437
real mass/HP: 12.187

VehicleName: Duhen Coyot T1800
Class: class undefined
displ: 1796.218
HP: 162.759
mass: 1677.962
mass/HP: 10.309
real mass: 1920.437
real mass/HP: 11.799

VehicleName: Duhen Coyot C1500
Class: class E
displ: 1497.253
HP: 142.419
mass: 1678.842
mass/HP: 11.787
real mass: 1920.957
real mass/HP: 13.487

VehicleName: Einvagen Codrac GT
Class: class D
displ: 2445.446
HP: 234.526
mass: 1424.702
mass/HP: 6.074
real mass: 1686.434
real mass/HP: 7.190

VehicleName: Einvagen Codrac SuperSport Turbo
Class: class D
displ: 1809.557
HP: 168.668
mass: 1290.401
mass/HP: 7.650
real mass: 1537.841
real mass/HP: 9.117

VehicleName: Einvagen Codrac Sport
Class: class E
displ: 1809.557
HP: 127.726
mass: 1334.901
mass/HP: 10.451
real mass: 1557.369
real mass/HP: 12.192

VehicleName: Baiern CoupeSport GTX
Class: class E
displ: 0
HP: 0
mass: 1171.811
mass/HP: 0.000
real mass: 1230.484
real mass/HP: 0.000

VehicleName: Baiern DevilSport
Class: class C
displ: 3586.655
HP: 311.644
mass: 1433.201
mass/HP: 4.598
real mass: 1705.913
real mass/HP: 5.473

VehicleName: Baiern CoupeSport DTM
Class: class undefined
displ: 3981.528
HP: 570.707
mass: 1345.531
mass/HP: 2.357
real mass: 1687.663
real mass/HP: 2.957

VehicleName: Baiern CoupeSport GT III
Class: class undefined
displ: 3586.655
HP: 457.697
mass: 1110.601
mass/HP: 2.426
real mass: 1362.354
real mass/HP: 2.976

VehicleName: Baiern CoupeSport 2.5
Class: class D
displ: 2714.335
HP: 195.726
mass: 1489.641
mass/HP: 7.610
real mass: 1753.197
real mass/HP: 8.957

VehicleName: Badge GTO
Class: class A
displ: 5394.742
HP: 692.720
mass: 1904.422
mass/HP: 2.749
real mass: 2350.542
real mass/HP: 3.393

VehicleName: Hauler's '67 Badge
Class: class C
displ: 5394.742
HP: 419.978
mass: 1845.373
mass/HP: 4.393
real mass: 2231.192
real mass/HP: 5.312

VehicleName: Duhen Axis ZX360
Class: class undefined
displ: 2173.730
HP: 205.046
mass: 1554.501
mass/HP: 7.581
real mass: 1793.670
real mass/HP: 8.747

VehicleName: Duhen Axis 200XT
Class: class undefined
displ: 1796.218
HP: 162.759
mass: 1585.062
mass/HP: 9.738
real mass: 1811.838
real mass/HP: 11.131

VehicleName: Duhen Axis 200S
Class: class undefined
displ: 1796.218
HP: 169.841
mass: 1570.741
mass/HP: 9.248
real mass: 1795.957
real mass/HP: 10.574

---------vehicle class scan done---------
